C:\Python311\Lib\site-packages\torch\cuda\__init__.py:61: FutureWarning: The pynvml package is deprecated. Please install nvidia-ml-py instead. If you did not install pynvml directly, please report this to the maintainers of the package that installed pynvml for you.
  import pynvml  # type: ignore[import]
C:\github\graph-rag-agent\test_skill_seekers_integration.py:198: LangChainDeprecationWarning: The class `Neo4jGraph` was deprecated in LangChain 0.3.8 and will be removed in 1.0. An updated version of the class exists in the :class:`~langchain-neo4j package and should be used instead. To use it run `pip install -U :class:`~langchain-neo4j` and import as `from :class:`~langchain_neo4j import Neo4jGraph``.
  graph = Neo4jGraph(url=NEO4J_URI, username=NEO4J_USERNAME, password=NEO4J_PASSWORD)
============================================================
GraphRAG -> Skill Seekers Integration Test
============================================================

[Test 1] ExportConfig
  - Created config: level=0, dedup_threshold=0.85
  - Config serialization: OK

[Test 2] ExportResult
  - Page count: 2
  - Entity count: 2
  - ExportResult: OK

[Test 3] ContentDeduplicator - Entity Deduplication
  - Original: 3, Deduplicated: 2
  - Entities removed: 1
  - Exact match dedup: OK
  - Similarity test: 3 -> 2 entities
  - Similarity-based dedup: OK

[Test 4] ContentDeduplicator - Page Deduplication
  - Total pages: 3, Duplicates marked: 1
  - Page dedup: OK
  - Final report duplicate_content_count: 1

[Test 5] SkillInputFormatter
  - Formatted keys: ['source', 'pages', 'entities', 'dedup_report']
  - Format structure: OK
  - Validation: OK
  - Saved to: C:\Users\daixu\AppData\Local\Temp\tmpp7zyxmqq.json
  - File content: OK

[Test 6] SyncManager State Persistence
  - Initial state: has_previous_export=False
  - After mark_synced: exported_count=3
  - After reload: exported_count=3
  - State persistence: OK
  - Reset state: OK

============================================================
All tests passed!
============================================================

[Optional] Testing with Neo4j...
  - Neo4j test skipped: Could not use APOC procedures. Please ensure the APOC plugin is installed in Neo4j and that 'apoc.meta.data()' is allowed in Neo4j configuration 

Test complete!
